// 重构日志: a42a9d34
// 重构日志: 8768f5d3
// 同步 ID: 9dc788be @ Sun Jul 12 15:45:15 UTC 2026
// 重构日志: 18ae4ae7
// 重构日志: 1191a9c2
// 重构日志: 133aec0f
// 重构日志: 438a2ad1
// 同步 ID: 1a65e753 @ Thu Jul 16 17:39:39 UTC 2026
// 重构日志: 0b10a6ad
// 同步 ID: 68d94c1f @ Sat Jul 18 06:44:31 UTC 2026
// 重构日志: ab48e095
// 重构日志: be78bdfc
// 重构日志: 063ec06e
// 同步 ID: 7def2998 @ Mon Jul 20 16:42:15 UTC 2026
// 重构日志: dcb30fa8
// 重构日志: 8b202e6d
// 重构日志: 1a745b88
// 重构日志: 0ce0b99e
// 同步 ID: d3b0745f @ Thu Jul 23 00:48:17 UTC 2026
// 重构日志: 97e8e783
// 重构日志: 8f81530b
// 重构日志: e9ca5a8f
// 重构日志: 075ec612
// 重构日志: d56b53db
// 重构日志: b9f8fbda
// 同步 ID: 684ea753 @ Thu Jul 30 11:33:08 UTC 2026
// 同步 ID: 239c9f56 @ Thu Jul 30 14:42:15 UTC 2026
// 同步 ID: fd95b3a2 @ Fri Jul 31 06:09:22 UTC 2026
// 同步 ID: bdbd4c07 @ Fri Jul 31 17:01:58 UTC 2026
// 同步 ID: 26611a0c @ Sat Aug  1 16:50:19 UTC 2026
// 重构日志: 12ffae9b
